// Jest Snapshot v1, https://goo.gl/fbAQLP

exports[`The component should not render in body when local property is set 1`] = `
<div
  class="backdrop visible"
/>
`;

exports[`The component should render in body when open 1`] = `
"<div>
  <div data-reactroot=\\"\\" class=\\"backdrop visible\\"></div>
</div>"
`;
