// Jest Snapshot v1, https://goo.gl/fbAQLP

exports[`The component should render with current adapter "folder" 1`] = `
<ul>
  <li>
    table
  </li>
  <li>
    <i>
      folder
    </i>
  </li>
</ul>
`;

exports[`The component should render with current adapter "table" 1`] = `
<ul>
  <li>
    <i>
      table
    </i>
  </li>
  <li>
    folder
  </li>
</ul>
`;
