// Jest Snapshot v1, https://goo.gl/fbAQLP

exports[`Render the adapter in non-searchable mode 1`] = `
Array [
  <div
    class="headerContainer"
  >
    <h1>
      Title
    </h1>
    <div
      class="toolbar"
    />
  </div>,
  <div
    class="datagrid"
  >
    <div>
      Test Adapter
    </div>
  </div>,
  <div />,
]
`;
