// Jest Snapshot v1, https://goo.gl/fbAQLP

exports[`Render with data 1`] = `
<div
  class="select"
>
  <button
    class="displayValue default"
    type="button"
  >
    <div
      aria-label="Test DEF, Test XYZ"
      class="croppedText"
      title="Test DEF, Test XYZ"
    >
      <div
        aria-hidden="true"
        class="front"
      >
        Test DEF,
      </div>
      <div
        aria-hidden="true"
        class="back"
      >
        <span>
           Test XYZ
        </span>
      </div>
      <div
        class="whole"
      >
        Test DEF, Test XYZ
      </div>
    </div>
    <span
      aria-label="su-angle-down"
      class="su-angle-down toggle"
    />
  </button>
</div>
`;
