// Jest Snapshot v1, https://goo.gl/fbAQLP

exports[`Render login 1`] = `
<div>
  Login
</div>
`;
