// Jest Snapshot v1, https://goo.gl/fbAQLP

exports[`Render loader when webspaces are not loaded yet 1`] = `
<div
  class="spinner"
  style="width:40px;height:40px"
>
  <div
    class="doubleBounce1"
  />
  <div
    class="doubleBounce2"
  />
</div>
`;

exports[`Render webspace select with children when webspaces are not loaded yet 1`] = `
Array [
  <div
    class="tabsContainer"
  >
    <ul
      class="tabs"
    />
  </div>,
  <div
    class="webspaceSelect"
  >
    <div
      class="webspaceSelect"
    >
      <button
        class="button"
      >
        <span
          aria-label="su-webspace"
          class="su-webspace buttonIcon"
        />
        <span
          class="buttonValue"
        />
        <span
          aria-label="su-angle-down"
          class="su-angle-down buttonIcon"
        />
      </button>
    </div>
  </div>,
  <h1>
    sulu_blog
  </h1>,
]
`;
