// Jest Snapshot v1, https://goo.gl/fbAQLP

exports[`The component should render 1`] = `
<progress
  class="progressBar progress"
  max="10"
  value="7"
>
  70%
</progress>
`;
