// Jest Snapshot v1, https://goo.gl/fbAQLP

exports[`Should render form using renderer 1`] = `
<form>
  <div
    class="grid"
  />
</form>
`;
