// Jest Snapshot v1, https://goo.gl/fbAQLP

exports[`Render a form 1`] = `
<div
  class="grid grid"
>
  Test
</div>
`;
