// Jest Snapshot v1, https://goo.gl/fbAQLP

exports[`Render a FolderList with Folder components inside 1`] = `
<ul
  class="folderList"
>
  <li>
    <div
      class="folder"
      role="button"
      tabindex="0"
    >
      <div
        class="iconContainer"
      >
        <span
          aria-hidden="true"
          class="fa fa-folder-o"
        />
      </div>
      <div
        class="description"
      >
        <h5
          class="title"
        >
          This is a folder
        </h5>
        <div
          class="info"
        >
          3 Objects
        </div>
      </div>
    </div>
  </li>
  <li>
    <div
      class="folder"
      role="button"
      tabindex="0"
    >
      <div
        class="iconContainer"
      >
        <span
          aria-hidden="true"
          class="fa fa-folder-o"
        />
      </div>
      <div
        class="description"
      >
        <h5
          class="title"
        >
          This is a folder
        </h5>
        <div
          class="info"
        >
          2 Objects
        </div>
      </div>
    </div>
  </li>
  <li>
    <div
      class="folder"
      role="button"
      tabindex="0"
    >
      <div
        class="iconContainer"
      >
        <span
          aria-hidden="true"
          class="fa fa-folder-o"
        />
      </div>
      <div
        class="description"
      >
        <h5
          class="title"
        >
          This is a folder
        </h5>
        <div
          class="info"
        >
          0 Objects
        </div>
      </div>
    </div>
  </li>
</ul>
`;

exports[`Render an empty FolderList 1`] = `
<ul
  class="folderList"
/>
`;
