// Jest Snapshot v1, https://goo.gl/fbAQLP

exports[`Return JSX for configuration with a limit of 5 1`] = `
<p>
  <em>
    sulu_admin.smart_content_block_preview
  </em>
</p>
`;

exports[`Return null for everything expect a string 1`] = `
<p>
  <em>
    sulu_admin.smart_content_block_preview
  </em>
</p>
`;
