// Jest Snapshot v1, https://goo.gl/fbAQLP

exports[`Render a FixedSchedule 1`] = `
<div
  class="grid grid"
>
  <div
    class="item gridItem colSpan colSpan-6 space-before-0 space-after-0"
  >
    <div
      class="field"
    >
      <label
        class="label"
      >
        sulu_admin.start
      </label>
      <div>
        <div />
      </div>
      <label
        class="errorLabel"
      />
    </div>
  </div>
  <div
    class="item gridItem colSpan colSpan-6 space-before-0 space-after-0"
  >
    <div
      class="field"
    >
      <label
        class="label"
      >
        sulu_admin.end
      </label>
      <div>
        <div />
      </div>
      <label
        class="errorLabel"
      />
    </div>
  </div>
</div>
`;
